[GET] https://jzetdplqwpwqwyadofim.supabase.co/rest/v1/users?select=*&id=eq.839ad0ad-be03-4fc4-92a0-f5bad556ec31 => [200] 
[GET] https://jzetdplqwpwqwyadofim.supabase.co/auth/v1/user => [200] 
[GET] https://jzetdplqwpwqwyadofim.supabase.co/rest/v1/users?select=*&id=eq.839ad0ad-be03-4fc4-92a0-f5bad556ec31 => [200] 
[GET] https://jzetdplqwpwqwyadofim.supabase.co/rest/v1/users?select=role%2Cteam_id&id=eq.839ad0ad-be03-4fc4-92a0-f5bad556ec31 => [200] 
[GET] https://jzetdplqwpwqwyadofim.supabase.co/rest/v1/team_members?select=id%2Cteam_role%2Crole&team_id=eq.75a06827-3365-4d1f-b34b-4919561dfb4d&user_id=eq.839ad0ad-be03-4fc4-92a0-f5bad556ec31 => [200] 
[GET] https://jzetdplqwpwqwyadofim.supabase.co/rest/v1/team_member_permissions?select=permission&team_id=eq.75a06827-3365-4d1f-b34b-4919561dfb4d&member_id=eq.d2660750-9138-4023-9c00-e51f7c3c961f => [200] 
[GET] https://jzetdplqwpwqwyadofim.supabase.co/rest/v1/teams?select=name%2Cjoin_code&id=eq.75a06827-3365-4d1f-b34b-4919561dfb4d => [200] 
[GET] https://jzetdplqwpwqwyadofim.supabase.co/rest/v1/teams?select=name%2Cjoin_code&id=eq.75a06827-3365-4d1f-b34b-4919561dfb4d => [200] 
[GET] https://jzetdplqwpwqwyadofim.supabase.co/rest/v1/teams?select=name%2Cjoin_code&id=eq.75a06827-3365-4d1f-b34b-4919561dfb4d => [200] 
[GET] https://jzetdplqwpwqwyadofim.supabase.co/rest/v1/teams?select=name%2Cjoin_code&id=eq.75a06827-3365-4d1f-b34b-4919561dfb4d => [200] 
[GET] https://jzetdplqwpwqwyadofim.supabase.co/rest/v1/teams?select=name%2Cjoin_code&id=eq.75a06827-3365-4d1f-b34b-4919561dfb4d => [200] 
[GET] https://jzetdplqwpwqwyadofim.supabase.co/rest/v1/teams?select=name%2Cjoin_code&id=eq.75a06827-3365-4d1f-b34b-4919561dfb4d => [200] 
[GET] https://jzetdplqwpwqwyadofim.supabase.co/rest/v1/teams?select=name%2Cjoin_code&id=eq.75a06827-3365-4d1f-b34b-4919561dfb4d => [200] 
[GET] https://jzetdplqwpwqwyadofim.supabase.co/rest/v1/teams?select=name%2Cjoin_code&id=eq.75a06827-3365-4d1f-b34b-4919561dfb4d => [200] 
[GET] https://jzetdplqwpwqwyadofim.supabase.co/rest/v1/teams?select=name%2Cjoin_code&id=eq.75a06827-3365-4d1f-b34b-4919561dfb4d => [200] 
[GET] https://jzetdplqwpwqwyadofim.supabase.co/rest/v1/teams?select=name%2Cjoin_code&id=eq.75a06827-3365-4d1f-b34b-4919561dfb4d => [200] 
[GET] https://jzetdplqwpwqwyadofim.supabase.co/rest/v1/matches?select=*%2Cinnings%28*%2Cbatting_stats%28*%29%2Cbowling_stats%28*%29%2Cfall_of_wickets%28*%29%29%2Cmatch_players%28*%29&team_id=eq.75a06827-3365-4d1f-b34b-4919561dfb4d&order=match_date.desc => [200] 
[GET] https://jzetdplqwpwqwyadofim.supabase.co/rest/v1/matches?select=*%2Cinnings%28*%2Cbatting_stats%28*%29%2Cbowling_stats%28*%29%2Cfall_of_wickets%28*%29%29%2Cmatch_players%28*%29&team_id=eq.75a06827-3365-4d1f-b34b-4919561dfb4d&order=match_date.desc => [200] 
[GET] https://jzetdplqwpwqwyadofim.supabase.co/auth/v1/user => [200] 
[GET] https://jzetdplqwpwqwyadofim.supabase.co/rest/v1/users?select=role%2Cteam_id&id=eq.839ad0ad-be03-4fc4-92a0-f5bad556ec31 => [200] 
[GET] https://jzetdplqwpwqwyadofim.supabase.co/rest/v1/matches?select=*%2Cinnings%28*%2Cbatting_stats%28*%29%2Cbowling_stats%28*%29%2Cfall_of_wickets%28*%29%29%2Cmatch_players%28*%29&team_id=eq.75a06827-3365-4d1f-b34b-4919561dfb4d&order=match_date.desc => [200] 
[GET] https://jzetdplqwpwqwyadofim.supabase.co/auth/v1/user => [200] 
[GET] https://jzetdplqwpwqwyadofim.supabase.co/rest/v1/users?select=role%2Cteam_id&id=eq.839ad0ad-be03-4fc4-92a0-f5bad556ec31 => [200] 
[GET] https://jzetdplqwpwqwyadofim.supabase.co/rest/v1/players?select=name%2Cis_guest&team_id=eq.75a06827-3365-4d1f-b34b-4919561dfb4d => [200] 
[GET] https://jzetdplqwpwqwyadofim.supabase.co/auth/v1/user => [200] 
[GET] https://jzetdplqwpwqwyadofim.supabase.co/rest/v1/users?select=role%2Cteam_id&id=eq.839ad0ad-be03-4fc4-92a0-f5bad556ec31 => [200] 
[GET] https://jzetdplqwpwqwyadofim.supabase.co/rest/v1/team_members?select=id%2Cteam_role%2Crole&team_id=eq.75a06827-3365-4d1f-b34b-4919561dfb4d&user_id=eq.839ad0ad-be03-4fc4-92a0-f5bad556ec31 => [200] 
[GET] https://jzetdplqwpwqwyadofim.supabase.co/rest/v1/team_member_permissions?select=permission&team_id=eq.75a06827-3365-4d1f-b34b-4919561dfb4d&member_id=eq.d2660750-9138-4023-9c00-e51f7c3c961f => [200] 
[GET] https://jzetdplqwpwqwyadofim.supabase.co/rest/v1/teams?select=id%2Cname%2Cjoin_code&id=eq.75a06827-3365-4d1f-b34b-4919561dfb4d => [200] 
[GET] https://jzetdplqwpwqwyadofim.supabase.co/rest/v1/matches?select=id%2Cmatch_code%2Craw_text%2Cparsed_payload&team_id=eq.75a06827-3365-4d1f-b34b-4919561dfb4d&match_date=eq.2024-09-08 => [200] 